EN ascenseur NULL "C:/Users/USER/Desktop/4 IIA4_INSAT/VLSI/tp/PROJET Ascenceur/version finale/ProjetCommandeAscenseurVersionF/Ascenseur.vhd" sub00/vhpl00 1607980909
AR ascenseur behavioral "C:/Users/USER/Desktop/4 IIA4_INSAT/VLSI/tp/PROJET Ascenceur/version finale/ProjetCommandeAscenseurVersionF/Ascenseur.vhd" sub00/vhpl01 1607980910
EN tesascenseur NULL "C:/Users/USER/Desktop/4 IIA4_INSAT/VLSI/tp/PROJET Ascenceur/version finale/ProjetCommandeAscenseurVersionF/TestAscenseur.vhd" sub00/vhpl02 1607980911
